Microchip Technology Inc, v1.61 (B)

Tool Name:
  c:\program files\microchip\xc16\v1.61\bin\bin\..\bin/elf-ld.exe

Command:
  -p24FJ256GL406 \
  --mdfp=C:/Program Files/Microchip/MPLABX/v6.00/packs/Microchip/PIC24F-GL-GU_DFP/1.5.121/xc16 \
  -o \
  dist/default/production/Lib.X.production.elf \
  -Lc:/program files/microchip/xc16/v1.61/bin/bin/.. \
  -LC:/Program Files/Microchip/MPLABX/v6.00/packs/Microchip/PIC24F-GL-GU_DFP/1.5.121/xc16/bin/../support/PIC24F/gld \
  -Lc:/program files/microchip/xc16/v1.61/bin/bin/../../lib \
  -Lc:/program files/microchip/xc16/v1.61/bin/bin/../../support/PIC24E/gld \
  -Lc:/program files/microchip/xc16/v1.61/bin/bin/../../support/PIC24F/gld \
  -Lc:/program files/microchip/xc16/v1.61/bin/bin/../../support/PIC24H/gld \
  -Lc:/program files/microchip/xc16/v1.61/bin/bin/../../support/dsPIC30F/gld \
  -Lc:/program files/microchip/xc16/v1.61/bin/bin/../../support/dsPIC33C/gld \
  -Lc:/program files/microchip/xc16/v1.61/bin/bin/../../support/dsPIC33E/gld \
  -Lc:/program files/microchip/xc16/v1.61/bin/bin/../../support/dsPIC33F/gld \
  build/default/production/hal/hal_uart.o \
  build/default/production/hal/interrupts.o \
  build/default/production/lib/io.o \
  build/default/production/lib/wimbus.o \
  build/default/production/lib/wimuart.o \
  build/default/production/lib/async_uart.o \
  build/default/production/lib/driver_init.o \
  build/default/production/lib/ringbuffer.o \
  build/default/production/main.o \
  build/default/production/system.o \
  build/default/production/board.o \
  --local-stack \
  --defsym=__MPLAB_BUILD=1 \
  -Tp24FJ256GL406.gld.00 \
  --stack=16 \
  --check-sections \
  --data-init \
  --pack-data \
  --handles \
  --isr \
  --no-gc-sections \
  --fill-upper=0 \
  --stackguard=16 \
  --no-force-link \
  --smart-io \
  -Map=dist/default/production/Lib.X.production.map \
  --report-mem \
  --memorysummary \
  dist/default/production/memoryfile.xml \
  -start-group \
  --library=lega-pic30-elf \
  --library=m-elf \
  --library=lega-c-elf \
  -end-group \


Optional library libpPIC24Fxxx.a not found
Archive member included because of file (symbol)

c:/program files/microchip/xc16/v1.61/bin/bin/../../lib\liblega-pic30-elf.a(crt0_extended24.o)
                              (__resetPRI)
c:/program files/microchip/xc16/v1.61/bin/bin/../../lib\liblega-pic30-elf.a(data_init_24.o)
                              c:/program files/microchip/xc16/v1.61/bin/bin/../../lib\liblega-pic30-elf.a(crt0_extended24.o) (__data_init_da)
c:/program files/microchip/xc16/v1.61/bin/bin/../../lib\liblega-pic30-elf.a(crt_start_mode_normalda.Leo)
                              (__crt_start_mode_normal)
c:/program files/microchip/xc16/v1.61/bin/bin/../../lib\liblega-pic30-elf.a(delay32da.Leo)
                              build/default/production/board.o (___delay32)
c:/program files/microchip/xc16/v1.61/bin/bin/../../lib\libm-elf.a(udivsi3.daeo)
                              build/default/production/lib/wimuart.o (___udivsi3)
c:/program files/microchip/xc16/v1.61/bin/bin/../../lib\liblega-c-elf.a(strlen.DA_eo)
                              build/default/production/board.o (_strlen)
c:/program files/microchip/xc16/v1.61/bin/bin/../../lib\liblega-c-elf.a(sprintf_cdnopsuxX.DAeo)
                              build/default/production/board.o (__sprintf_cdnopsuxX)
c:/program files/microchip/xc16/v1.61/bin/bin/../../lib\liblega-c-elf.a(xprintf_cdnopsuxX.DAeo)
                              c:/program files/microchip/xc16/v1.61/bin/bin/../../lib\liblega-c-elf.a(sprintf_cdnopsuxX.DAeo) (___ePrintf_cdnopsuxX)
c:/program files/microchip/xc16/v1.61/bin/bin/../../lib\liblega-c-elf.a(xputfld_cdnopsuxX.DAeo)
                              c:/program files/microchip/xc16/v1.61/bin/bin/../../lib\liblega-c-elf.a(xprintf_cdnopsuxX.DAeo) (___Putfld_cdnopsuxX)
c:/program files/microchip/xc16/v1.61/bin/bin/../../lib\liblega-c-elf.a(memchr.DA_eo)
                              c:/program files/microchip/xc16/v1.61/bin/bin/../../lib\liblega-c-elf.a(xputfld_cdnopsuxX.DAeo) (_memchr)
c:/program files/microchip/xc16/v1.61/bin/bin/../../lib\liblega-c-elf.a(memcpy.DA_eo)
                              c:/program files/microchip/xc16/v1.61/bin/bin/../../lib\liblega-c-elf.a(sprintf_cdnopsuxX.DAeo) (_memcpy)
c:/program files/microchip/xc16/v1.61/bin/bin/../../lib\liblega-c-elf.a(strchr.DA_eo)
                              c:/program files/microchip/xc16/v1.61/bin/bin/../../lib\liblega-c-elf.a(xprintf_cdnopsuxX.DAeo) (_strchr)
c:/program files/microchip/xc16/v1.61/bin/bin/../../lib\liblega-c-elf.a(xlitob.DA_eo)
                              c:/program files/microchip/xc16/v1.61/bin/bin/../../lib\liblega-c-elf.a(xputfld_cdnopsuxX.DAeo) (__Litob)
c:/program files/microchip/xc16/v1.61/bin/bin/../../lib\liblega-c-elf.a(xputtxt.DA_eo)
                              c:/program files/microchip/xc16/v1.61/bin/bin/../../lib\liblega-c-elf.a(xprintf_cdnopsuxX.DAeo) (__Puttxt)
[...]
Memory Configuration

Name             Origin             Length             Attributes
data             0x000800           0x008000           a !xr
FBOOT            0x801800           0x000002  
reset            0x000000           0x000004  
ivt              0x000004           0x0000fc  
program          0x000100           0x02ae00           xr
FSEC             0x02af00           0x000002  
FBSLIM           0x02af10           0x000002  
FSIGN            0x02af14           0x000002  
FOSCSEL          0x02af18           0x000002  
FOSC             0x02af1c           0x000002  
FWDT             0x02af20           0x000002  
FPOR             0x02af24           0x000002  
FICD             0x02af28           0x000002  
FDMTIVTL         0x02af2c           0x000002  
FDMTIVTH         0x02af30           0x000002  
FDMTCNTL         0x02af34           0x000002  
FDMTCNTH         0x02af38           0x000002  
FDMT             0x02af3c           0x000002  
FDEVOPT1         0x02af40           0x000002  
*default*        0x000000           0xffffffff  

Linker script and memory map

LOAD build/default/production/hal/hal_uart.o
LOAD build/default/production/hal/interrupts.o
LOAD build/default/production/lib/io.o
LOAD build/default/production/lib/wimbus.o
LOAD build/default/production/lib/wimuart.o
LOAD build/default/production/lib/async_uart.o
LOAD build/default/production/lib/driver_init.o
LOAD build/default/production/lib/ringbuffer.o
LOAD build/default/production/main.o
LOAD build/default/production/system.o
LOAD build/default/production/board.o
                    0x0001                  __MPLAB_BUILD = 0x1
LOAD pPIC24Fxxx
LOAD c:/program files/microchip/xc16/v1.61/bin/bin/../../lib\libfx-elf.a
                    0x801024                  _iwri1 = 0x801024
                    0x801028                  _iwri2 = 0x801028
                    0x801800                  __FBOOT = 0x801800
                    0x2af00                  __FSEC = 0x2af00
                    0x2af10                  __FBSLIM = 0x2af10
                    0x2af14                  __FSIGN = 0x2af14
                    0x2af18                  __FOSCSEL = 0x2af18
                    0x2af1c                  __FOSC = 0x2af1c
                    0x2af20                  __FWDT = 0x2af20
                    0x2af24                  __FPOR = 0x2af24
                    0x2af28                  __FICD = 0x2af28
                    0x2af2c                  __FDMTIVTL = 0x2af2c
                    0x2af30                  __FDMTIVTH = 0x2af30
                    0x2af34                  __FDMTCNTL = 0x2af34
                    0x2af38                  __FDMTCNTH = 0x2af38
                    0x2af3c                  __FDMT = 0x2af3c
                    0x2af40                  __FDEVOPT1 = 0x2af40
                    0x0100                  __CODE_BASE = 0x100
                    0x2ae00                  __CODE_LENGTH = 0x2ae00
                    0x0004                  __IVT_BASE = 0x4
                    0x0800                  __DATA_BASE = 0x800
                    0x8000                  __DATA_LENGTH = 0x8000

.reset            0x000000          0x4
                  0x000000          0x2 SHORT 0x100 ABSOLUTE (__reset)
                  0x000001          0x2 SHORT 0x4
                  0x000002          0x2 SHORT 0x0 ((ABSOLUTE (__reset) >> 0x10) & 0x7f)
                  0x000003          0x2 SHORT 0x0

.text             0x000100       0x12c2
 *(.init)
 .init            0x000100         0x4c c:/program files/microchip/xc16/v1.61/bin/bin/../../lib\liblega-pic30-elf.a(crt0_extended24.o)
                  0x000100                  __resetPRI
                  0x000100                  __reset
                  0x00013c                  __psv_init
 .init            0x00014c         0xb8 c:/program files/microchip/xc16/v1.61/bin/bin/../../lib\liblega-pic30-elf.a(data_init_24.o)
                  0x000152                  __data_init
                  0x000152                  __data_init_da
 *(.user_init)
 *(.handle)
 .handle          0x000204         0x4c jump_table
 *(.isr*)
 .isr.text        0x000250         0xd8 build/default/production/hal/hal_uart.o
                  0x000250                  __U1TXInterrupt
                  0x00027c                  __U1RXInterrupt
                  0x000298                  __U2TXInterrupt
                  0x0002c4                  __U2RXInterrupt
                  0x0002e0                  __U3TXInterrupt
                  0x00030c                  __U3RXInterrupt
 .isr             0x000328          0x4 default_isr
                  0x000328                  __DefaultInterrupt
 *(.libc)
 .libc            0x00032c         0x12 c:/program files/microchip/xc16/v1.61/bin/bin/../../lib\liblega-pic30-elf.a(closeda.Leo)
                  0x00032c                  _close
 .libc            0x00033e         0x84 c:/program files/microchip/xc16/v1.61/bin/bin/../../lib\liblega-pic30-elf.a(writeda.Leo)
                  0x00033e                  _write
 .libc            0x0003c2         0x12 c:/program files/microchip/xc16/v1.61/bin/bin/../../lib\liblega-pic30-elf.a(removeda.Leo)
                  0x0003c2                  _remove
 .libc            0x0003d4         0x28 c:/program files/microchip/xc16/v1.61/bin/bin/../../lib\liblega-pic30-elf.a(sbrkda.Leo)
                  0x0003d4                  _sbrk
 .libc            0x0003fc         0x1a c:/program files/microchip/xc16/v1.61/bin/bin/../../lib\liblega-pic30-elf.a(brkda.Lelo)
                  0x0003fc                  _brk
 *(.libm)
 *(.libdsp)
 *(.lib*)
 .libpic30_crt_start_mode
                  0x000416          0x2 c:/program files/microchip/xc16/v1.61/bin/bin/../../lib\liblega-pic30-elf.a(crt_start_mode_normalda.Leo)
                  0x000416                  __crt_start_mode
                  0x000416                  __crt_start_mode_normal
 .libm.udivsi3    0x000418         0x20 c:/program files/microchip/xc16/v1.61/bin/bin/../../lib\libm-elf.a(udivsi3.daeo)
                  0x000418                  ___udivsi3
 .libc.strlen     0x000438          0xc c:/program files/microchip/xc16/v1.61/bin/bin/../../lib\liblega-c-elf.a(strlen.DA_eo)
                  0x000438                  _strlen
 .libc.eprout     0x000444         0x1a c:/program files/microchip/xc16/v1.61/bin/bin/../../lib\liblega-c-elf.a(sprintf_cdnopsuxX.DAeo)
                  0x000444                  sprintf_cdnopsuxX.DAeo:_eprout
 .libc.prout      0x00045e          0xe c:/program files/microchip/xc16/v1.61/bin/bin/../../lib\liblega-c-elf.a(sprintf_cdnopsuxX.DAeo)
                  0x00045e                  sprintf_cdnopsuxX.DAeo:_prout
 .libc._sprintf_cdnopsuxX
                  0x00046c         0x20 c:/program files/microchip/xc16/v1.61/bin/bin/../../lib\liblega-c-elf.a(sprintf_cdnopsuxX.DAeo)
                  0x00046c                  __sprintf_cdnopsuxX
 .libc.eprout     0x00048c         0x1e c:/program files/microchip/xc16/v1.61/bin/bin/../../lib\liblega-c-elf.a(xprintf_cdnopsuxX.DAeo)
                  0x00048c                  xprintf_cdnopsuxX.DAeo:_eprout
 .libc.__ePrintf_cdnopsuxX
                  0x0004aa        0x176 c:/program files/microchip/xc16/v1.61/bin/bin/../../lib\liblega-c-elf.a(xprintf_cdnopsuxX.DAeo)
                  0x0004aa                  ___ePrintf_cdnopsuxX
 .libc.__Printf_cdnopsuxX
                  0x000620          0xa c:/program files/microchip/xc16/v1.61/bin/bin/../../lib\liblega-c-elf.a(xprintf_cdnopsuxX.DAeo)
                  0x000620                  ___Printf_cdnopsuxX
 .libc.__Putfld_cdnopsuxX
                  0x00062a        0x294 c:/program files/microchip/xc16/v1.61/bin/bin/../../lib\liblega-c-elf.a(xputfld_cdnopsuxX.DAeo)
                  0x00062a                  ___Putfld_cdnopsuxX
 .libc.memchr     0x0008be         0x14 c:/program files/microchip/xc16/v1.61/bin/bin/../../lib\liblega-c-elf.a(memchr.DA_eo)
                  0x0008be                  _memchr
 .libc.memcpy     0x0008d2          0xe c:/program files/microchip/xc16/v1.61/bin/bin/../../lib\liblega-c-elf.a(memcpy.DA_eo)
                  0x0008d2                  _memcpy
 .libc.strchr     0x0008e0         0x18 c:/program files/microchip/xc16/v1.61/bin/bin/../../lib\liblega-c-elf.a(strchr.DA_eo)
                  0x0008e0                  _strchr
 .libc._Litob     0x0008f8        0x25e c:/program files/microchip/xc16/v1.61/bin/bin/../../lib\liblega-c-elf.a(xlitob.DA_eo)
                  0x0008f8                  __Litob
 .libc._Puttxt    0x000b56        0x1b4 c:/program files/microchip/xc16/v1.61/bin/bin/../../lib\liblega-c-elf.a(xputtxt.DA_eo)
                  0x000b56                  __Puttxt
 .libc._Vacopy    0x000d0a          0x4 c:/program files/microchip/xc16/v1.61/bin/bin/../../lib\liblega-c-elf.a(xvacopy.DA_eo)
                  0x000d0a                  __Vacopy
 .libc.efwrite    0x000d0e         0xd8 c:/program files/microchip/xc16/v1.61/bin/bin/../../lib\liblega-c-elf.a(efwrite.DA_eo)
                  0x000d0e                  _efwrite
 .libc._DNKfflush
                  0x000de6         0x76 c:/program files/microchip/xc16/v1.61/bin/bin/../../lib\liblega-c-elf.a(fflush.DA_elo)
                  0x000de6                  __DNKfflush
 .libc._Fwprep    0x000e5c         0x8e c:/program files/microchip/xc16/v1.61/bin/bin/../../lib\liblega-c-elf.a(xfwprep.DA_eo)
                  0x000e5c                  __Fwprep
 .libc.closeallreg
                  0x000eea          0x4 c:/program files/microchip/xc16/v1.61/bin/bin/../../lib\liblega-c-elf.a(fclose.DA_elo)
 .libc._Closreg
                  0x000eee         0x12 c:/program files/microchip/xc16/v1.61/bin/bin/../../lib\liblega-c-elf.a(fclose.DA_elo)
                  0x000eee                  __Closreg
 .libc.fclose     0x000f00         0x90 c:/program files/microchip/xc16/v1.61/bin/bin/../../lib\liblega-c-elf.a(fclose.DA_elo)
                  0x000f00                  _fclose
 .libc.closeall
                  0x000f90         0x20 c:/program files/microchip/xc16/v1.61/bin/bin/../../lib\liblega-c-elf.a(fclose.DA_elo)
                  0x000f90                  fclose.DA_elo:_closeall
 .libc._Atexit    0x000fb0         0x18 c:/program files/microchip/xc16/v1.61/bin/bin/../../lib\liblega-c-elf.a(xatexit.DA_elo)
                  0x000fb0                  __Atexit
 .libc.free       0x000fc8         0x64 c:/program files/microchip/xc16/v1.61/bin/bin/../../lib\liblega-c-elf.a(free.DA_eo)
                  0x000fc8                  _free
 .libc.findmem    0x00102c         0x66 c:/program files/microchip/xc16/v1.61/bin/bin/../../lib\liblega-c-elf.a(malloc.DA_eo)
 .libc.malloc     0x001092         0x54 c:/program files/microchip/xc16/v1.61/bin/bin/../../lib\liblega-c-elf.a(malloc.DA_eo)
                  0x001092                  _malloc
 .libc._Getmem    0x0010e6         0x14 c:/program files/microchip/xc16/v1.61/bin/bin/../../lib\liblega-c-elf.a(xgetmem.DA_eo)
                  0x0010e6                  __Getmem
 .libc.doclose    0x0010fa          0x4 c:/program files/microchip/xc16/v1.61/bin/bin/../../lib\liblega-pic30-elf.a(closeda.Leo)
 .libc.dowrite    0x0010fe          0x4 c:/program files/microchip/xc16/v1.61/bin/bin/../../lib\liblega-pic30-elf.a(writeda.Leo)
 .libc.doremove
                  0x001102          0x4 c:/program files/microchip/xc16/v1.61/bin/bin/../../lib\liblega-pic30-elf.a(removeda.Leo)
 .libc.memcpy_eds
                  0x001106         0x52 c:/program files/microchip/xc16/v1.61/bin/bin/../../lib\liblega-pic30-elf.a(memcpy_edsda.Leo)
                  0x001106                  __memcpy_eds_3
                  0x001106                  __memcpy_eds
 .libc._memchr_eds
                  0x001158         0x36 c:/program files/microchip/xc16/v1.61/bin/bin/../../lib\liblega-pic30-elf.a(memchr_edsda.Leo)
                  0x001158                  __memchr_eds
 .libm.divsi3     0x00118e         0x1e c:/program files/microchip/xc16/v1.61/bin/bin/../../lib\libm-elf.a(divsi3.daeo)
                  0x00118e                  ___divsi3
 .libm.umodsi3    0x0011ac          0x6 c:/program files/microchip/xc16/v1.61/bin/bin/../../lib\libm-elf.a(umodsi3.daeo)
                  0x0011ac                  ___umodsi3
 .libm.mulsi3     0x0011b2          0xc c:/program files/microchip/xc16/v1.61/bin/bin/../../lib\libm-elf.a(mulsi3.daeo)
                  0x0011b2                  ___mulp32peds3
                  0x0011b2                  ___mulsi3
                  0x0011b2                  ___mulp32eds3
 .libm.__PplusBdi
                  0x0011be         0x26 c:/program files/microchip/xc16/v1.61/bin/bin/../../lib\libm-elf.a(divmoddi3.daeo)
 .libm.__PminusBdi
                  0x0011e4         0x26 c:/program files/microchip/xc16/v1.61/bin/bin/../../lib\libm-elf.a(divmoddi3.daeo)
 .libm.__udivmoddi3
                  0x00120a         0xe6 c:/program files/microchip/xc16/v1.61/bin/bin/../../lib\libm-elf.a(divmoddi3.daeo)
                  0x00120a                  ___udivmoddi3
 .libm.__udivdi3
                  0x0012f0          0xe c:/program files/microchip/xc16/v1.61/bin/bin/../../lib\libm-elf.a(divmoddi3.daeo)
                  0x0012f0                  ___udivdi3
 .libm.__umoddi3
                  0x0012fe          0x8 c:/program files/microchip/xc16/v1.61/bin/bin/../../lib\libm-elf.a(divmoddi3.daeo)
                  0x0012fe                  ___umoddi3
 .libm.__divdi3
                  0x001306         0x60 c:/program files/microchip/xc16/v1.61/bin/bin/../../lib\libm-elf.a(divmoddi3.daeo)
                  0x001306                  ___divdi3
 .libm.__moddi3
                  0x001366         0x5c c:/program files/microchip/xc16/v1.61/bin/bin/../../lib\libm-elf.a(divmoddi3.daeo)
                  0x001366                  ___moddi3

usercode
 *(usercode)

__FBOOT
 *(__FBOOT.sec*)

__FSEC            0x02af00          0x2
 *(__FSEC.sec*)
 __FSEC.sec       0x02af00          0x2 /CW/_FSEC
                  0x02af00                  __FSEC.sec

__FBSLIM
 *(__FBSLIM.sec*)

__FSIGN
 *(__FSIGN.sec*)

__FOSCSEL
 *(__FOSCSEL.sec*)

__FOSC
 *(__FOSC.sec*)

__FWDT
 *(__FWDT.sec*)

__FPOR
 *(__FPOR.sec*)

__FICD
 *(__FICD.sec*)

__FDMTIVTL
 *(__FDMTIVTL.sec*)

__FDMTIVTH
 *(__FDMTIVTH.sec*)

__FDMTCNTL
 *(__FDMTCNTL.sec*)

__FDMTCNTH
 *(__FDMTCNTH.sec*)

__FDMT
 *(__FDMT.sec*)

__FDEVOPT1
 *(__FDEVOPT1.sec*)

.comment          0x000000         0x5e
 *(.comment)
 .comment         0x000000         0x5e c:/program files/microchip/xc16/v1.61/bin/bin/../../lib\liblega-c-elf.a(xfiles.DA_elo)

.debug_info       0x000000       0x44ad
 *(.debug_info)
 .debug_info      0x000000        0xeee build/default/production/hal/hal_uart.o
 .debug_info      0x000eee         0x7f build/default/production/hal/interrupts.o
 .debug_info      0x000f6d        0x278 build/default/production/lib/io.o
 .debug_info      0x0011e5        0x657 build/default/production/lib/wimbus.o
 .debug_info      0x00183c        0xbd7 build/default/production/lib/wimuart.o
 .debug_info      0x002413        0x981 build/default/production/lib/async_uart.o
 .debug_info      0x002d94        0x5c2 build/default/production/lib/driver_init.o
 .debug_info      0x003356        0x2f7 build/default/production/lib/ringbuffer.o
 .debug_info      0x00364d         0xa1 build/default/production/main.o
 .debug_info      0x0036ee        0x32e build/default/production/system.o
 .debug_info      0x003a1c        0xa91 build/default/production/board.o
 *(.gnu.linkonce.wi.*)

.debug_abbrev     0x000000        0xa7e
 *(.debug_abbrev)
 .debug_abbrev    0x000000        0x1ba build/default/production/hal/hal_uart.o
 .debug_abbrev    0x0001ba         0x14 build/default/production/hal/interrupts.o
 .debug_abbrev    0x0001ce         0xab build/default/production/lib/io.o
 .debug_abbrev    0x000279         0xdd build/default/production/lib/wimbus.o
 .debug_abbrev    0x000356        0x1c2 build/default/production/lib/wimuart.o
 .debug_abbrev    0x000518        0x131 build/default/production/lib/async_uart.o
 .debug_abbrev    0x000649         0xea build/default/production/lib/driver_init.o
 .debug_abbrev    0x000733         0xa0 build/default/production/lib/ringbuffer.o
 .debug_abbrev    0x0007d3         0x36 build/default/production/main.o
 .debug_abbrev    0x000809         0xc5 build/default/production/system.o
 .debug_abbrev    0x0008ce        0x1b0 build/default/production/board.o

.debug_line       0x000000        0xaa5
 *(.debug_line)
 .debug_line      0x000000        0x1f4 build/default/production/hal/hal_uart.o
 .debug_line      0x0001f4         0x50 build/default/production/hal/interrupts.o
 .debug_line      0x000244         0x97 build/default/production/lib/io.o
 .debug_line      0x0002db         0xbb build/default/production/lib/wimbus.o
 .debug_line      0x000396        0x15d build/default/production/lib/wimuart.o
 .debug_line      0x0004f3        0x162 build/default/production/lib/async_uart.o
 .debug_line      0x000655         0xfd build/default/production/lib/driver_init.o
 .debug_line      0x000752         0xc7 build/default/production/lib/ringbuffer.o
 .debug_line      0x000819         0x33 build/default/production/main.o
 .debug_line      0x00084c        0x10b build/default/production/system.o
 .debug_line      0x000957        0x14e build/default/production/board.o

.debug_frame      0x000000        0x74e
 *(.debug_frame)
 .debug_frame     0x000000        0x266 build/default/production/hal/hal_uart.o
 .debug_frame     0x000266         0x58 build/default/production/lib/io.o
 .debug_frame     0x0002be         0x94 build/default/production/lib/wimbus.o
 .debug_frame     0x000352         0xdc build/default/production/lib/wimuart.o
 .debug_frame     0x00042e        0x18e build/default/production/lib/async_uart.o
 .debug_frame     0x0005bc         0x24 build/default/production/lib/driver_init.o
 .debug_frame     0x0005e0         0x9e build/default/production/lib/ringbuffer.o
 .debug_frame     0x00067e         0x24 build/default/production/main.o
 .debug_frame     0x0006a2         0x24 build/default/production/system.o
 .debug_frame     0x0006c6         0x88 build/default/production/board.o

.debug_str        0x000000         0xbc
 *(.debug_str)
 .debug_str       0x000000          0xc build/default/production/hal/hal_uart.o
 .debug_str       0x00000c          0xa build/default/production/lib/wimbus.o
 .debug_str       0x000016         0x40 build/default/production/lib/wimuart.o
 .debug_str       0x000056          0xc build/default/production/lib/async_uart.o
 .debug_str       0x000062         0x18 build/default/production/lib/driver_init.o
 .debug_str       0x00007a          0xb build/default/production/system.o
 .debug_str       0x000085         0x37 build/default/production/board.o

.debug_loc
 *(.debug_loc)

.debug_macinfo
 *(.debug_macinfo)

.debug_pubnames
                  0x000000        0x671
 *(.debug_pubnames)
 .debug_pubnames
                  0x000000        0x232 build/default/production/hal/hal_uart.o
 .debug_pubnames
                  0x000232         0x2b build/default/production/lib/io.o
 .debug_pubnames
                  0x00025d         0xca build/default/production/lib/wimbus.o
 .debug_pubnames
                  0x000327         0x7c build/default/production/lib/wimuart.o
 .debug_pubnames
                  0x0003a3        0x128 build/default/production/lib/async_uart.o
 .debug_pubnames
                  0x0004cb         0x6b build/default/production/lib/driver_init.o
 .debug_pubnames
                  0x000536         0x74 build/default/production/lib/ringbuffer.o
 .debug_pubnames
                  0x0005aa         0x1b build/default/production/main.o
 .debug_pubnames
                  0x0005c5         0x2e build/default/production/system.o
 .debug_pubnames
                  0x0005f3         0x7e build/default/production/board.o

.debug_ranges
 *(.debug_ranges)

.debug_aranges    0x000000        0x108
 *(.debug_aranges)
 .debug_aranges
                  0x000000         0x18 build/default/production/hal/hal_uart.o
 .debug_aranges
                  0x000018         0x18 build/default/production/hal/interrupts.o
 .debug_aranges
                  0x000030         0x18 build/default/production/lib/io.o
 .debug_aranges
                  0x000048         0x18 build/default/production/lib/wimbus.o
 .debug_aranges
                  0x000060         0x18 build/default/production/lib/wimuart.o
 .debug_aranges
                  0x000078         0x18 build/default/production/lib/async_uart.o
 .debug_aranges
                  0x000090         0x18 build/default/production/lib/driver_init.o
 .debug_aranges
                  0x0000a8         0x18 build/default/production/lib/ringbuffer.o
 .debug_aranges
                  0x0000c0         0x18 build/default/production/main.o
 .debug_aranges
                  0x0000d8         0x18 build/default/production/system.o
 .debug_aranges
                  0x0000f0         0x18 build/default/production/board.o
                    0x0000                  WREG0 = 0x0
                    0x0000                  _WREG0 = 0x0
                    0x0002                  WREG1 = 0x2
                    0x0002                  _WREG1 = 0x2
                    0x0004                  WREG2 = 0x4
                    0x0004                  _WREG2 = 0x4
                    0x0006                  WREG3 = 0x6
                    0x0006                  _WREG3 = 0x6
                    0x0008                  WREG4 = 0x8
                    0x0008                  _WREG4 = 0x8
                    0x000a                  WREG5 = 0xa
                    0x000a                  _WREG5 = 0xa
                    0x000c                  WREG6 = 0xc
                    0x000c                  _WREG6 = 0xc
                    0x000e                  WREG7 = 0xe
                    0x000e                  _WREG7 = 0xe
                    0x0010                  WREG8 = 0x10
                    0x0010                  _WREG8 = 0x10
                    0x0012                  WREG9 = 0x12
                    0x0012                  _WREG9 = 0x12
                    0x0014                  WREG10 = 0x14
                    0x0014                  _WREG10 = 0x14
                    0x0016                  WREG11 = 0x16
                    0x0016                  _WREG11 = 0x16
                    0x0018                  WREG12 = 0x18
                    0x0018                  _WREG12 = 0x18
                    0x001a                  WREG13 = 0x1a
                    0x001a                  _WREG13 = 0x1a
                    0x001c                  WREG14 = 0x1c
                    0x001c                  _WREG14 = 0x1c
                    0x001e                  WREG15 = 0x1e
                    0x001e                  _WREG15 = 0x1e
                    0x0020                  SPLIM = 0x20
                    0x0020                  _SPLIM = 0x20
                    0x002e                  PCL = 0x2e
                    0x002e                  _PCL = 0x2e
                    0x0030                  PCH = 0x30
                    0x0030                  _PCH = 0x30
                    0x0032                  DSRPAG = 0x32
                    0x0032                  _DSRPAG = 0x32
                    0x0032                  _DSRPAGbits = 0x32
                    0x0034                  DSWPAG = 0x34
                    0x0034                  _DSWPAG = 0x34
                    0x0034                  _DSWPAGbits = 0x34
                    0x0036                  RCOUNT = 0x36
                    0x0036                  _RCOUNT = 0x36
                    0x0042                  SR = 0x42
                    0x0042                  _SR = 0x42
                    0x0042                  _SRbits = 0x42
                    0x0044                  CORCON = 0x44
                    0x0044                  _CORCON = 0x44
                    0x0044                  _CORCONbits = 0x44
                    0x0052                  DISICNT = 0x52
                    0x0052                  _DISICNT = 0x52
                    0x0052                  _DISICNTbits = 0x52
                    0x0054                  TBLPAG = 0x54
                    0x0054                  _TBLPAG = 0x54
                    0x0054                  _TBLPAGbits = 0x54
                    0x005c                  DMTCON = 0x5c
                    0x005c                  _DMTCON = 0x5c
                    0x005c                  _DMTCONbits = 0x5c
                    0x0060                  DMTPRECLR = 0x60
                    0x0060                  _DMTPRECLR = 0x60
                    0x0060                  _DMTPRECLRbits = 0x60
                    0x0064                  DMTCLR = 0x64
                    0x0064                  _DMTCLR = 0x64
                    0x0064                  _DMTCLRbits = 0x64
                    0x0068                  DMTSTAT = 0x68
                    0x0068                  _DMTSTAT = 0x68
                    0x0068                  _DMTSTATbits = 0x68
                    0x006c                  DMTCNTL = 0x6c
                    0x006c                  _DMTCNTL = 0x6c
                    0x006e                  DMTCNTH = 0x6e
                    0x006e                  _DMTCNTH = 0x6e
                    0x0070                  DMTHOLDREG = 0x70
                    0x0070                  _DMTHOLDREG = 0x70
                    0x0074                  DMTPSCNTL = 0x74
                    0x0074                  _DMTPSCNTL = 0x74
                    0x0076                  DMTPSCNTH = 0x76
                    0x0076                  _DMTPSCNTH = 0x76
                    0x0078                  DMTPSINTVL = 0x78
                    0x0078                  _DMTPSINTVL = 0x78
                    0x007a                  DMTPSINTVH = 0x7a
                    0x007a                  _DMTPSINTVH = 0x7a
                    0x0080                  INTCON1 = 0x80
                    0x0080                  _INTCON1 = 0x80
                    0x0080                  _INTCON1bits = 0x80
                    0x0082                  INTCON2 = 0x82
                    0x0082                  _INTCON2 = 0x82
                    0x0082                  _INTCON2bits = 0x82
                    0x0084                  INTCON3 = 0x84
                    0x0084                  _INTCON3 = 0x84
                    0x0084                  _INTCON3bits = 0x84
                    0x0086                  INTCON4 = 0x86
                    0x0086                  _INTCON4 = 0x86
                    0x0086                  _INTCON4bits = 0x86
                    0x0088                  IFS0 = 0x88
                    0x0088                  _IFS0 = 0x88
                    0x0088                  _IFS0bits = 0x88
                    0x008a                  IFS1 = 0x8a
                    0x008a                  _IFS1 = 0x8a
                    0x008a                  _IFS1bits = 0x8a
                    0x008c                  IFS2 = 0x8c
                    0x008c                  _IFS2 = 0x8c
                    0x008c                  _IFS2bits = 0x8c
                    0x008e                  IFS3 = 0x8e
                    0x008e                  _IFS3 = 0x8e
                    0x008e                  _IFS3bits = 0x8e
                    0x0090                  IFS4 = 0x90
                    0x0090                  _IFS4 = 0x90
                    0x0090                  _IFS4bits = 0x90
                    0x0092                  IFS5 = 0x92
                    0x0092                  _IFS5 = 0x92
                    0x0092                  _IFS5bits = 0x92
                    0x0094                  IFS6 = 0x94
                    0x0094                  _IFS6 = 0x94
                    0x0094                  _IFS6bits = 0x94
                    0x0096                  IFS7 = 0x96
                    0x0096                  _IFS7 = 0x96
                    0x0096                  _IFS7bits = 0x96
                    0x0098                  IEC0 = 0x98
                    0x0098                  _IEC0 = 0x98
                    0x0098                  _IEC0bits = 0x98
                    0x009a                  IEC1 = 0x9a
                    0x009a                  _IEC1 = 0x9a
                    0x009a                  _IEC1bits = 0x9a
                    0x009c                  IEC2 = 0x9c
                    0x009c                  _IEC2 = 0x9c
                    0x009c                  _IEC2bits = 0x9c
                    0x009e                  IEC3 = 0x9e
                    0x009e                  _IEC3 = 0x9e
                    0x009e                  _IEC3bits = 0x9e
                    0x00a0                  IEC4 = 0xa0
                    0x00a0                  _IEC4 = 0xa0
                    0x00a0                  _IEC4bits = 0xa0
                    0x00a2                  IEC5 = 0xa2
                    0x00a2                  _IEC5 = 0xa2
                    0x00a2                  _IEC5bits = 0xa2
                    0x00a4                  IEC6 = 0xa4
                    0x00a4                  _IEC6 = 0xa4
                    0x00a4                  _IEC6bits = 0xa4
                    0x00a6                  IEC7 = 0xa6
                    0x00a6                  _IEC7 = 0xa6
                    0x00a6                  _IEC7bits = 0xa6
                    0x00a8                  IPC0 = 0xa8
                    0x00a8                  _IPC0 = 0xa8
                    0x00a8                  _IPC0bits = 0xa8
                    0x00aa                  IPC1 = 0xaa
                    0x00aa                  _IPC1 = 0xaa
                    0x00aa                  _IPC1bits = 0xaa
                    0x00ac                  IPC2 = 0xac
                    0x00ac                  _IPC2 = 0xac
                    0x00ac                  _IPC2bits = 0xac
                    0x00ae                  IPC3 = 0xae
                    0x00ae                  _IPC3 = 0xae
                    0x00ae                  _IPC3bits = 0xae
                    0x00b0                  IPC4 = 0xb0
                    0x00b0                  _IPC4 = 0xb0
                    0x00b0                  _IPC4bits = 0xb0
                    0x00b2                  IPC5 = 0xb2
                    0x00b2                  _IPC5 = 0xb2
                    0x00b2                  _IPC5bits = 0xb2
                    0x00b4                  IPC6 = 0xb4
                    0x00b4                  _IPC6 = 0xb4
                    0x00b4                  _IPC6bits = 0xb4
                    0x00b6                  IPC7 = 0xb6
                    0x00b6                  _IPC7 = 0xb6
                    0x00b6                  _IPC7bits = 0xb6
                    0x00b8                  IPC8 = 0xb8
                    0x00b8                  _IPC8 = 0xb8
                    0x00b8                  _IPC8bits = 0xb8
                    0x00ba                  IPC9 = 0xba
                    0x00ba                  _IPC9 = 0xba
                    0x00ba                  _IPC9bits = 0xba
                    0x00bc                  IPC10 = 0xbc
                    0x00bc                  _IPC10 = 0xbc
                    0x00bc                  _IPC10bits = 0xbc
                    0x00be                  IPC11 = 0xbe
                    0x00be                  _IPC11 = 0xbe
                    0x00be                  _IPC11bits = 0xbe
                    0x00c0                  IPC12 = 0xc0
                    0x00c0                  _IPC12 = 0xc0
                    0x00c0                  _IPC12bits = 0xc0
                    0x00c2                  IPC13 = 0xc2
                    0x00c2                  _IPC13 = 0xc2
                    0x00c2                  _IPC13bits = 0xc2
                    0x00c4                  IPC14 = 0xc4
                    0x00c4                  _IPC14 = 0xc4
                    0x00c4                  _IPC14bits = 0xc4
                    0x00c6                  IPC15 = 0xc6
                    0x00c6                  _IPC15 = 0xc6
                    0x00c6                  _IPC15bits = 0xc6
                    0x00c8                  IPC16 = 0xc8
                    0x00c8                  _IPC16 = 0xc8
                    0x00c8                  _IPC16bits = 0xc8
                    0x00ca                  IPC17 = 0xca
                    0x00ca                  _IPC17 = 0xca
                    0x00ca                  _IPC17bits = 0xca
                    0x00cc                  IPC18 = 0xcc
                    0x00cc                  _IPC18 = 0xcc
                    0x00cc                  _IPC18bits = 0xcc
                    0x00ce                  IPC19 = 0xce
                    0x00ce                  _IPC19 = 0xce
                    0x00ce                  _IPC19bits = 0xce
                    0x00d0                  IPC20 = 0xd0
                    0x00d0                  _IPC20 = 0xd0
                    0x00d0                  _IPC20bits = 0xd0
                    0x00d2                  IPC21 = 0xd2
                    0x00d2                  _IPC21 = 0xd2
                    0x00d2                  _IPC21bits = 0xd2
                    0x00d4                  IPC22 = 0xd4
                    0x00d4                  _IPC22 = 0xd4
                    0x00d4                  _IPC22bits = 0xd4
                    0x00d6                  IPC23 = 0xd6
                    0x00d6                  _IPC23 = 0xd6
                    0x00d6                  _IPC23bits = 0xd6
                    0x00d8                  IPC24 = 0xd8
                    0x00d8                  _IPC24 = 0xd8
                    0x00d8                  _IPC24bits = 0xd8
                    0x00da                  IPC25 = 0xda
                    0x00da                  _IPC25 = 0xda
                    0x00da                  _IPC25bits = 0xda
                    0x00dc                  IPC26 = 0xdc
                    0x00dc                  _IPC26 = 0xdc
                    0x00dc                  _IPC26bits = 0xdc
                    0x00de                  IPC27 = 0xde
                    0x00de                  _IPC27 = 0xde
                    0x00de                  _IPC27bits = 0xde
                    0x00e0                  IPC28 = 0xe0
                    0x00e0                  _IPC28 = 0xe0
                    0x00e0                  _IPC28bits = 0xe0
                    0x00e2                  IPC29 = 0xe2
                    0x00e2                  _IPC29 = 0xe2
                    0x00e2                  _IPC29bits = 0xe2
                    0x00e4                  INTTREG = 0xe4
                    0x00e4                  _INTTREG = 0xe4
                    0x00e4                  _INTTREGbits = 0xe4
                    0x0100                  OSCCON = 0x100
                    0x0100                  _OSCCON = 0x100
                    0x0100                  _OSCCONbits = 0x100
                    0x0100                  OSCCONL = 0x100
                    0x0100                  _OSCCONL = 0x100
                    0x0101                  OSCCONH = 0x101
                    0x0101                  _OSCCONH = 0x101
                    0x0102                  CLKDIV = 0x102
                    0x0102                  _CLKDIV = 0x102
                    0x0102                  _CLKDIVbits = 0x102
                    0x0106                  OSCTUN = 0x106
                    0x0106                  _OSCTUN = 0x106
                    0x0106                  _OSCTUNbits = 0x106
                    0x010c                  OSCDIV = 0x10c
                    0x010c                  _OSCDIV = 0x10c
                    0x010c                  _OSCDIVbits = 0x10c
                    0x010e                  OSCFDIV = 0x10e
                    0x010e                  _OSCFDIV = 0x10e
                    0x010e                  _OSCFDIVbits = 0x10e
                    0x0110                  RCON = 0x110
                    0x0110                  _RCON = 0x110
                    0x0110                  _RCONbits = 0x110
                    0x0114                  HLVDCON = 0x114
                    0x0114                  _HLVDCON = 0x114
                    0x0114                  _HLVDCONbits = 0x114
                    0x0158                  CRCCON1 = 0x158
                    0x0158                  _CRCCON1 = 0x158
                    0x0158                  _CRCCON1bits = 0x158
                    0x015a                  CRCCON2 = 0x15a
                    0x015a                  _CRCCON2 = 0x15a
                    0x015a                  _CRCCON2bits = 0x15a
                    0x015c                  CRCXORL = 0x15c
                    0x015c                  _CRCXORL = 0x15c
                    0x015c                  _CRCXORLbits = 0x15c
                    0x015e                  CRCXORH = 0x15e
                    0x015e                  _CRCXORH = 0x15e
                    0x015e                  _CRCXORHbits = 0x15e
                    0x0160                  CRCDAT = 0x160
                    0x0160                  _CRCDAT = 0x160
                    0x0160                  CRCDATL = 0x160
                    0x0160                  _CRCDATL = 0x160
                    0x0162                  CRCDATH = 0x162
                    0x0162                  _CRCDATH = 0x162
                    0x0164                  CRCWDAT = 0x164
                    0x0164                  _CRCWDAT = 0x164
                    0x0164                  CRCWDATL = 0x164
                    0x0164                  _CRCWDATL = 0x164
                    0x0166                  CRCWDATH = 0x166
                    0x0166                  _CRCWDATH = 0x166
                    0x0168                  REFOCON1 = 0x168
                    0x0168                  _REFOCON1 = 0x168
                    0x0168                  _REFOCON1bits = 0x168
                    0x0168                  REFOCONL = 0x168
                    0x0168                  _REFOCONL = 0x168
                    0x0168                  _REFOCONLbits = 0x168
                    0x016a                  REFOCON2 = 0x16a
                    0x016a                  _REFOCON2 = 0x16a
                    0x016a                  _REFOCON2bits = 0x16a
                    0x016a                  REFOCONH = 0x16a
                    0x016a                  _REFOCONH = 0x16a
                    0x016a                  _REFOCONHbits = 0x16a
                    0x0178                  PMD1 = 0x178
                    0x0178                  _PMD1 = 0x178
                    0x0178                  _PMD1bits = 0x178
                    0x017c                  PMD3 = 0x17c
                    0x017c                  _PMD3 = 0x17c
                    0x017c                  _PMD3bits = 0x17c
                    0x017e                  PMD4 = 0x17e
                    0x017e                  _PMD4 = 0x17e
                    0x017e                  _PMD4bits = 0x17e
                    0x0180                  PMD5 = 0x180
                    0x0180                  _PMD5 = 0x180
                    0x0180                  _PMD5bits = 0x180
                    0x0182                  PMD6 = 0x182
                    0x0182                  _PMD6 = 0x182
                    0x0182                  _PMD6bits = 0x182
                    0x0184                  PMD7 = 0x184
                    0x0184                  _PMD7 = 0x184
                    0x0184                  _PMD7bits = 0x184
                    0x0186                  PMD8 = 0x186
                    0x0186                  _PMD8 = 0x186
                    0x0186                  _PMD8bits = 0x186
                    0x0190                  TMR1 = 0x190
                    0x0190                  _TMR1 = 0x190
                    0x0192                  PR1 = 0x192
                    0x0192                  _PR1 = 0x192
                    0x0194                  T1CON = 0x194
                    0x0194                  _T1CON = 0x194
                    0x0194                  _T1CONbits = 0x194
                    0x0196                  TMR2 = 0x196
                    0x0196                  _TMR2 = 0x196
                    0x0198                  TMR3HLD = 0x198
                    0x0198                  _TMR3HLD = 0x198
                    0x019a                  TMR3 = 0x19a
                    0x019a                  _TMR3 = 0x19a
                    0x019c                  PR2 = 0x19c
                    0x019c                  _PR2 = 0x19c
                    0x019e                  PR3 = 0x19e
                    0x019e                  _PR3 = 0x19e
                    0x01a0                  T2CON = 0x1a0
                    0x01a0                  _T2CON = 0x1a0
                    0x01a0                  _T2CONbits = 0x1a0
                    0x01a2                  T3CON = 0x1a2
                    0x01a2                  _T3CON = 0x1a2
                    0x01a2                  _T3CONbits = 0x1a2
                    0x01a4                  TMR4 = 0x1a4
                    0x01a4                  _TMR4 = 0x1a4
                    0x01a6                  TMR5HLD = 0x1a6
                    0x01a6                  _TMR5HLD = 0x1a6
                    0x01a8                  TMR5 = 0x1a8
                    0x01a8                  _TMR5 = 0x1a8
                    0x01aa                  PR4 = 0x1aa
                    0x01aa                  _PR4 = 0x1aa
                    0x01ac                  PR5 = 0x1ac
                    0x01ac                  _PR5 = 0x1ac
                    0x01ae                  T4CON = 0x1ae
                    0x01ae                  _T4CON = 0x1ae
                    0x01ae                  _T4CONbits = 0x1ae
                    0x01b0                  T5CON = 0x1b0
                    0x01b0                  _T5CON = 0x1b0
                    0x01b0                  _T5CONbits = 0x1b0
                    0x01cc                  RTCCON1L = 0x1cc
                    0x01cc                  _RTCCON1L = 0x1cc
                    0x01cc                  _RTCCON1Lbits = 0x1cc
                    0x01ce                  RTCCON1H = 0x1ce
                    0x01ce                  _RTCCON1H = 0x1ce
                    0x01ce                  _RTCCON1Hbits = 0x1ce
                    0x01d0                  RTCCON2L = 0x1d0
                    0x01d0                  _RTCCON2L = 0x1d0
                    0x01d0                  _RTCCON2Lbits = 0x1d0
                    0x01d2                  RTCCON2H = 0x1d2
                    0x01d2                  _RTCCON2H = 0x1d2
                    0x01d4                  RTCCON3L = 0x1d4
                    0x01d4                  _RTCCON3L = 0x1d4
                    0x01d4                  _RTCCON3Lbits = 0x1d4
                    0x01d8                  RTCSTATL = 0x1d8
                    0x01d8                  _RTCSTATL = 0x1d8
                    0x01d8                  _RTCSTATLbits = 0x1d8
                    0x01dc                  TIMEL = 0x1dc
                    0x01dc                  _TIMEL = 0x1dc
                    0x01dc                  _TIMELbits = 0x1dc
                    0x01de                  TIMEH = 0x1de
                    0x01de                  _TIMEH = 0x1de
                    0x01de                  _TIMEHbits = 0x1de
                    0x01e0                  DATEL = 0x1e0
                    0x01e0                  _DATEL = 0x1e0
                    0x01e0                  _DATELbits = 0x1e0
                    0x01e2                  DATEH = 0x1e2
                    0x01e2                  _DATEH = 0x1e2
                    0x01e2                  _DATEHbits = 0x1e2
                    0x01e4                  ALMTIMEL = 0x1e4
                    0x01e4                  _ALMTIMEL = 0x1e4
                    0x01e4                  _ALMTIMELbits = 0x1e4
                    0x01e6                  ALMTIMEH = 0x1e6
                    0x01e6                  _ALMTIMEH = 0x1e6
                    0x01e6                  _ALMTIMEHbits = 0x1e6
                    0x01e8                  ALMDATEL = 0x1e8
                    0x01e8                  _ALMDATEL = 0x1e8
                    0x01e8                  _ALMDATELbits = 0x1e8
                    0x01ea                  ALMDATEH = 0x1ea
                    0x01ea                  _ALMDATEH = 0x1ea
                    0x01ea                  _ALMDATEHbits = 0x1ea
                    0x01ec                  TSATIMEL = 0x1ec
                    0x01ec                  _TSATIMEL = 0x1ec
                    0x01ec                  _TSATIMELbits = 0x1ec
                    0x01ee                  TSATIMEH = 0x1ee
                    0x01ee                  _TSATIMEH = 0x1ee
                    0x01ee                  _TSATIMEHbits = 0x1ee
                    0x01f0                  TSADATEL = 0x1f0
                    0x01f0                  _TSADATEL = 0x1f0
                    0x01f0                  _TSADATELbits = 0x1f0
                    0x01f2                  TSADATEH = 0x1f2
                    0x01f2                  _TSADATEH = 0x1f2
                    0x01f2                  _TSADATEHbits = 0x1f2
                    0x0248                  CCP8CON1L = 0x248
                    0x0248                  _CCP8CON1L = 0x248
                    0x0248                  _CCP8CON1Lbits = 0x248
                    0x024a                  CCP8CON1H = 0x24a
                    0x024a                  _CCP8CON1H = 0x24a
                    0x024a                  _CCP8CON1Hbits = 0x24a
                    0x024c                  CCP8CON2L = 0x24c
                    0x024c                  _CCP8CON2L = 0x24c
                    0x024c                  _CCP8CON2Lbits = 0x24c
                    0x024e                  CCP8CON2H = 0x24e
                    0x024e                  _CCP8CON2H = 0x24e
                    0x024e                  _CCP8CON2Hbits = 0x24e
                    0x0250                  CCP8CON3L = 0x250
                    0x0250                  _CCP8CON3L = 0x250
                    0x0250                  _CCP8CON3Lbits = 0x250
                    0x0252                  CCP8CON3H = 0x252
                    0x0252                  _CCP8CON3H = 0x252
                    0x0252                  _CCP8CON3Hbits = 0x252
                    0x0254                  CCP8STAT = 0x254
                    0x0254                  _CCP8STAT = 0x254
                    0x0254                  _CCP8STATbits = 0x254
                    0x0254                  CCP8STATL = 0x254
                    0x0254                  _CCP8STATL = 0x254
                    0x0254                  _CCP8STATLbits = 0x254
                    0x0256                  CCP8STATH = 0x256
                    0x0256                  _CCP8STATH = 0x256
                    0x0258                  CCP8TMRL = 0x258
                    0x0258                  _CCP8TMRL = 0x258
                    0x025a                  CCP8TMRH = 0x25a
                    0x025a                  _CCP8TMRH = 0x25a
                    0x025c                  CCP8PRL = 0x25c
                    0x025c                  _CCP8PRL = 0x25c
                    0x025e                  CCP8PRH = 0x25e
                    0x025e                  _CCP8PRH = 0x25e
                    0x0260                  CCP8RA = 0x260
                    0x0260                  _CCP8RA = 0x260
                    0x0260                  CCP8RAL = 0x260
                    0x0260                  _CCP8RAL = 0x260
                    0x0262                  CCP8RAH = 0x262
                    0x0262                  _CCP8RAH = 0x262
                    0x0264                  CCP8RB = 0x264
                    0x0264                  _CCP8RB = 0x264
                    0x0264                  CCP8RBL = 0x264
                    0x0264                  _CCP8RBL = 0x264
                    0x0266                  CCP8RBH = 0x266
                    0x0266                  _CCP8RBH = 0x266
                    0x0268                  CCP8BUFL = 0x268
                    0x0268                  _CCP8BUFL = 0x268
                    0x026a                  CCP8BUFH = 0x26a
                    0x026a                  _CCP8BUFH = 0x26a
                    0x026c                  CCP1CON1L = 0x26c
                    0x026c                  _CCP1CON1L = 0x26c
                    0x026c                  _CCP1CON1Lbits = 0x26c
                    0x026e                  CCP1CON1H = 0x26e
                    0x026e                  _CCP1CON1H = 0x26e
                    0x026e                  _CCP1CON1Hbits = 0x26e
                    0x0270                  CCP1CON2L = 0x270
                    0x0270                  _CCP1CON2L = 0x270
                    0x0270                  _CCP1CON2Lbits = 0x270
                    0x0272                  CCP1CON2H = 0x272
                    0x0272                  _CCP1CON2H = 0x272
                    0x0272                  _CCP1CON2Hbits = 0x272
                    0x0274                  CCP1CON3L = 0x274
                    0x0274                  _CCP1CON3L = 0x274
                    0x0274                  _CCP1CON3Lbits = 0x274
                    0x0276                  CCP1CON3H = 0x276
                    0x0276                  _CCP1CON3H = 0x276
                    0x0276                  _CCP1CON3Hbits = 0x276
                    0x0278                  CCP1STAT = 0x278
                    0x0278                  _CCP1STAT = 0x278
                    0x0278                  _CCP1STATbits = 0x278
                    0x0278                  CCP1STATL = 0x278
                    0x0278                  _CCP1STATL = 0x278
                    0x0278                  _CCP1STATLbits = 0x278
                    0x027a                  CCP1STATH = 0x27a
                    0x027a                  _CCP1STATH = 0x27a
                    0x027c                  CCP1TMRL = 0x27c
                    0x027c                  _CCP1TMRL = 0x27c
                    0x027e                  CCP1TMRH = 0x27e
                    0x027e                  _CCP1TMRH = 0x27e
                    0x0280                  CCP1PRL = 0x280
                    0x0280                  _CCP1PRL = 0x280
                    0x0282                  CCP1PRH = 0x282
                    0x0282                  _CCP1PRH = 0x282
                    0x0284                  CCP1RA = 0x284
                    0x0284                  _CCP1RA = 0x284
                    0x0284                  CCP1RAL = 0x284
                    0x0284                  _CCP1RAL = 0x284
                    0x0286                  CCP1RAH = 0x286
                    0x0286                  _CCP1RAH = 0x286
                    0x0288                  CCP1RB = 0x288
                    0x0288                  _CCP1RB = 0x288
                    0x0288                  CCP1RBL = 0x288
                    0x0288                  _CCP1RBL = 0x288
                    0x028a                  CCP1RBH = 0x28a
                    0x028a                  _CCP1RBH = 0x28a
                    0x028c                  CCP1BUFL = 0x28c
                    0x028c                  _CCP1BUFL = 0x28c
                    0x028e                  CCP1BUFH = 0x28e
                    0x028e                  _CCP1BUFH = 0x28e
                    0x0290                  CCP2CON1L = 0x290
                    0x0290                  _CCP2CON1L = 0x290
                    0x0290                  _CCP2CON1Lbits = 0x290
                    0x0292                  CCP2CON1H = 0x292
                    0x0292                  _CCP2CON1H = 0x292
                    0x0292                  _CCP2CON1Hbits = 0x292
                    0x0294                  CCP2CON2L = 0x294
                    0x0294                  _CCP2CON2L = 0x294
                    0x0294                  _CCP2CON2Lbits = 0x294
                    0x0296                  CCP2CON2H = 0x296
                    0x0296                  _CCP2CON2H = 0x296
                    0x0296                  _CCP2CON2Hbits = 0x296
                    0x0298                  CCP2CON3L = 0x298
                    0x0298                  _CCP2CON3L = 0x298
                    0x0298                  _CCP2CON3Lbits = 0x298
                    0x029a                  CCP2CON3H = 0x29a
                    0x029a                  _CCP2CON3H = 0x29a
                    0x029a                  _CCP2CON3Hbits = 0x29a
                    0x029c                  CCP2STAT = 0x29c
                    0x029c                  _CCP2STAT = 0x29c
                    0x029c                  _CCP2STATbits = 0x29c
                    0x029c                  CCP2STATL = 0x29c
                    0x029c                  _CCP2STATL = 0x29c
                    0x029c                  _CCP2STATLbits = 0x29c
                    0x029e                  CCP2STATH = 0x29e
                    0x029e                  _CCP2STATH = 0x29e
                    0x02a0                  CCP2TMRL = 0x2a0
                    0x02a0                  _CCP2TMRL = 0x2a0
                    0x02a2                  CCP2TMRH = 0x2a2
                    0x02a2                  _CCP2TMRH = 0x2a2
                    0x02a4                  CCP2PRL = 0x2a4
                    0x02a4                  _CCP2PRL = 0x2a4
                    0x02a6                  CCP2PRH = 0x2a6
                    0x02a6                  _CCP2PRH = 0x2a6
                    0x02a8                  CCP2RA = 0x2a8
                    0x02a8                  _CCP2RA = 0x2a8
                    0x02a8                  CCP2RAL = 0x2a8
                    0x02a8                  _CCP2RAL = 0x2a8
                    0x02aa                  CCP2RAH = 0x2aa
                    0x02aa                  _CCP2RAH = 0x2aa
                    0x02ac                  CCP2RB = 0x2ac
                    0x02ac                  _CCP2RB = 0x2ac
                    0x02ac                  CCP2RBL = 0x2ac
                    0x02ac                  _CCP2RBL = 0x2ac
                    0x02ae                  CCP2RBH = 0x2ae
                    0x02ae                  _CCP2RBH = 0x2ae
                    0x02b0                  CCP2BUFL = 0x2b0
                    0x02b0                  _CCP2BUFL = 0x2b0
                    0x02b2                  CCP2BUFH = 0x2b2
                    0x02b2                  _CCP2BUFH = 0x2b2
                    0x02b4                  CCP3CON1L = 0x2b4
                    0x02b4                  _CCP3CON1L = 0x2b4
                    0x02b4                  _CCP3CON1Lbits = 0x2b4
                    0x02b6                  CCP3CON1H = 0x2b6
                    0x02b6                  _CCP3CON1H = 0x2b6
                    0x02b6                  _CCP3CON1Hbits = 0x2b6
                    0x02b8                  CCP3CON2L = 0x2b8
                    0x02b8                  _CCP3CON2L = 0x2b8
                    0x02b8                  _CCP3CON2Lbits = 0x2b8
                    0x02ba                  CCP3CON2H = 0x2ba
                    0x02ba                  _CCP3CON2H = 0x2ba
                    0x02ba                  _CCP3CON2Hbits = 0x2ba
                    0x02bc                  CCP3CON3L = 0x2bc
                    0x02bc                  _CCP3CON3L = 0x2bc
                    0x02bc                  _CCP3CON3Lbits = 0x2bc
                    0x02be                  CCP3CON3H = 0x2be
                    0x02be                  _CCP3CON3H = 0x2be
                    0x02be                  _CCP3CON3Hbits = 0x2be
                    0x02c0                  CCP3STAT = 0x2c0
                    0x02c0                  _CCP3STAT = 0x2c0
                    0x02c0                  _CCP3STATbits = 0x2c0
                    0x02c0                  CCP3STATL = 0x2c0
                    0x02c0                  _CCP3STATL = 0x2c0
                    0x02c0                  _CCP3STATLbits = 0x2c0
                    0x02c2                  CCP3STATH = 0x2c2
                    0x02c2                  _CCP3STATH = 0x2c2
                    0x02c4                  CCP3TMRL = 0x2c4
                    0x02c4                  _CCP3TMRL = 0x2c4
                    0x02c6                  CCP3TMRH = 0x2c6
                    0x02c6                  _CCP3TMRH = 0x2c6
                    0x02c8                  CCP3PRL = 0x2c8
                    0x02c8                  _CCP3PRL = 0x2c8
                    0x02ca                  CCP3PRH = 0x2ca
                    0x02ca                  _CCP3PRH = 0x2ca
                    0x02cc                  CCP3RA = 0x2cc
                    0x02cc                  _CCP3RA = 0x2cc
                    0x02cc                  CCP3RAL = 0x2cc
                    0x02cc                  _CCP3RAL = 0x2cc
                    0x02ce                  CCP3RAH = 0x2ce
                    0x02ce                  _CCP3RAH = 0x2ce
                    0x02d0                  CCP3RB = 0x2d0
                    0x02d0                  _CCP3RB = 0x2d0
                    0x02d0                  CCP3RBL = 0x2d0
                    0x02d0                  _CCP3RBL = 0x2d0
                    0x02d2                  CCP3RBH = 0x2d2
                    0x02d2                  _CCP3RBH = 0x2d2
                    0x02d4                  CCP3BUFL = 0x2d4
                    0x02d4                  _CCP3BUFL = 0x2d4
                    0x02d6                  CCP3BUFH = 0x2d6
                    0x02d6                  _CCP3BUFH = 0x2d6
                    0x02e6                  CMSTAT = 0x2e6
                    0x02e6                  _CMSTAT = 0x2e6
                    0x02e6                  _CMSTATbits = 0x2e6
                    0x02e8                  CVRCON = 0x2e8
                    0x02e8                  _CVRCON = 0x2e8
                    0x02e8                  _CVRCONbits = 0x2e8
                    0x02ea                  CM1CON = 0x2ea
                    0x02ea                  _CM1CON = 0x2ea
                    0x02ea                  _CM1CONbits = 0x2ea
                    0x02ec                  CM2CON = 0x2ec
                    0x02ec                  _CM2CON = 0x2ec
                    0x02ec                  _CM2CONbits = 0x2ec
                    0x02ee                  CM3CON = 0x2ee
                    0x02ee                  _CM3CON = 0x2ee
                    0x02ee                  _CM3CONbits = 0x2ee
                    0x02f4                  ANCFG = 0x2f4
                    0x02f4                  _ANCFG = 0x2f4
                    0x02f4                  _ANCFGbits = 0x2f4
                    0x02f8                  DAC1CON = 0x2f8
                    0x02f8                  _DAC1CON = 0x2f8
                    0x02f8                  _DAC1CONbits = 0x2f8
                    0x02fa                  DAC1DAT = 0x2fa
                    0x02fa                  _DAC1DAT = 0x2fa
                    0x0300                  CCP4CON1L = 0x300
                    0x0300                  _CCP4CON1L = 0x300
                    0x0300                  _CCP4CON1Lbits = 0x300
                    0x0302                  CCP4CON1H = 0x302
                    0x0302                  _CCP4CON1H = 0x302
                    0x0302                  _CCP4CON1Hbits = 0x302
                    0x0304                  CCP4CON2L = 0x304
                    0x0304                  _CCP4CON2L = 0x304
                    0x0304                  _CCP4CON2Lbits = 0x304
                    0x0306                  CCP4CON2H = 0x306
                    0x0306                  _CCP4CON2H = 0x306
                    0x0306                  _CCP4CON2Hbits = 0x306
                    0x0308                  CCP4CON3L = 0x308
                    0x0308                  _CCP4CON3L = 0x308
                    0x0308                  _CCP4CON3Lbits = 0x308
                    0x030a                  CCP4CON3H = 0x30a
                    0x030a                  _CCP4CON3H = 0x30a
                    0x030a                  _CCP4CON3Hbits = 0x30a
                    0x030c                  CCP4STAT = 0x30c
                    0x030c                  _CCP4STAT = 0x30c
                    0x030c                  _CCP4STATbits = 0x30c
                    0x030c                  CCP4STATL = 0x30c
                    0x030c                  _CCP4STATL = 0x30c
                    0x030c                  _CCP4STATLbits = 0x30c
                    0x030e                  CCP4STATH = 0x30e
                    0x030e                  _CCP4STATH = 0x30e
                    0x0310                  CCP4TMRL = 0x310
                    0x0310                  _CCP4TMRL = 0x310
                    0x0312                  CCP4TMRH = 0x312
                    0x0312                  _CCP4TMRH = 0x312
                    0x0314                  CCP4PRL = 0x314
                    0x0314                  _CCP4PRL = 0x314
                    0x0316                  CCP4PRH = 0x316
                    0x0316                  _CCP4PRH = 0x316
                    0x0318                  CCP4RA = 0x318
                    0x0318                  _CCP4RA = 0x318
                    0x0318                  CCP4RAL = 0x318
                    0x0318                  _CCP4RAL = 0x318
                    0x031a                  CCP4RAH = 0x31a
                    0x031a                  _CCP4RAH = 0x31a
                    0x031c                  CCP4RB = 0x31c
                    0x031c                  _CCP4RB = 0x31c
                    0x031c                  CCP4RBL = 0x31c
                    0x031c                  _CCP4RBL = 0x31c
                    0x031e                  CCP4RBH = 0x31e
                    0x031e                  _CCP4RBH = 0x31e
                    0x0320                  CCP4BUFL = 0x320
                    0x0320                  _CCP4BUFL = 0x320
                    0x0322                  CCP4BUFH = 0x322
                    0x0322                  _CCP4BUFH = 0x322
                    0x0324                  CCP5CON1L = 0x324
                    0x0324                  _CCP5CON1L = 0x324
                    0x0324                  _CCP5CON1Lbits = 0x324
                    0x0326                  CCP5CON1H = 0x326
                    0x0326                  _CCP5CON1H = 0x326
                    0x0326                  _CCP5CON1Hbits = 0x326
                    0x0328                  CCP5CON2L = 0x328
                    0x0328                  _CCP5CON2L = 0x328
                    0x0328                  _CCP5CON2Lbits = 0x328
                    0x032a                  CCP5CON2H = 0x32a
                    0x032a                  _CCP5CON2H = 0x32a
                    0x032a                  _CCP5CON2Hbits = 0x32a
                    0x032c                  CCP5CON3L = 0x32c
                    0x032c                  _CCP5CON3L = 0x32c
                    0x032c                  _CCP5CON3Lbits = 0x32c
                    0x032e                  CCP5CON3H = 0x32e
                    0x032e                  _CCP5CON3H = 0x32e
                    0x032e                  _CCP5CON3Hbits = 0x32e
                    0x0330                  CCP5STAT = 0x330
                    0x0330                  _CCP5STAT = 0x330
                    0x0330                  _CCP5STATbits = 0x330
                    0x0330                  CCP5STATL = 0x330
                    0x0330                  _CCP5STATL = 0x330
                    0x0330                  _CCP5STATLbits = 0x330
                    0x0332                  CCP5STATH = 0x332
                    0x0332                  _CCP5STATH = 0x332
                    0x0334                  CCP5TMRL = 0x334
                    0x0334                  _CCP5TMRL = 0x334
                    0x0336                  CCP5TMRH = 0x336
                    0x0336                  _CCP5TMRH = 0x336
                    0x0338                  CCP5PRL = 0x338
                    0x0338                  _CCP5PRL = 0x338
                    0x033a                  CCP5PRH = 0x33a
                    0x033a                  _CCP5PRH = 0x33a
                    0x033c                  CCP5RA = 0x33c
                    0x033c                  _CCP5RA = 0x33c
                    0x033c                  CCP5RAL = 0x33c
                    0x033c                  _CCP5RAL = 0x33c
                    0x033e                  CCP5RAH = 0x33e
                    0x033e                  _CCP5RAH = 0x33e
                    0x0340                  CCP5RB = 0x340
                    0x0340                  _CCP5RB = 0x340
                    0x0340                  CCP5RBL = 0x340
                    0x0340                  _CCP5RBL = 0x340
                    0x0342                  CCP5RBH = 0x342
                    0x0342                  _CCP5RBH = 0x342
                    0x0344                  CCP5BUFL = 0x344
                    0x0344                  _CCP5BUFL = 0x344
                    0x0346                  CCP5BUFH = 0x346
                    0x0346                  _CCP5BUFH = 0x346
                    0x0348                  CCP6CON1L = 0x348
                    0x0348                  _CCP6CON1L = 0x348
                    0x0348                  _CCP6CON1Lbits = 0x348
                    0x034a                  CCP6CON1H = 0x34a
                    0x034a                  _CCP6CON1H = 0x34a
                    0x034a                  _CCP6CON1Hbits = 0x34a
                    0x034c                  CCP6CON2L = 0x34c
                    0x034c                  _CCP6CON2L = 0x34c
                    0x034c                  _CCP6CON2Lbits = 0x34c
                    0x034e                  CCP6CON2H = 0x34e
                    0x034e                  _CCP6CON2H = 0x34e
                    0x034e                  _CCP6CON2Hbits = 0x34e
                    0x0350                  CCP6CON3L = 0x350
                    0x0350                  _CCP6CON3L = 0x350
                    0x0350                  _CCP6CON3Lbits = 0x350
                    0x0352                  CCP6CON3H = 0x352
                    0x0352                  _CCP6CON3H = 0x352
                    0x0352                  _CCP6CON3Hbits = 0x352
                    0x0354                  CCP6STAT = 0x354
                    0x0354                  _CCP6STAT = 0x354
                    0x0354                  _CCP6STATbits = 0x354
                    0x0354                  CCP6STATL = 0x354
                    0x0354                  _CCP6STATL = 0x354
                    0x0354                  _CCP6STATLbits = 0x354
                    0x0356                  CCP6STATH = 0x356
                    0x0356                  _CCP6STATH = 0x356
                    0x0358                  CCP6TMRL = 0x358
                    0x0358                  _CCP6TMRL = 0x358
                    0x035a                  CCP6TMRH = 0x35a
                    0x035a                  _CCP6TMRH = 0x35a
                    0x035c                  CCP6PRL = 0x35c
                    0x035c                  _CCP6PRL = 0x35c
                    0x035e                  CCP6PRH = 0x35e
                    0x035e                  _CCP6PRH = 0x35e
                    0x0360                  CCP6RA = 0x360
                    0x0360                  _CCP6RA = 0x360
                    0x0360                  CCP6RAL = 0x360
                    0x0360                  _CCP6RAL = 0x360
                    0x0362                  CCP6RAH = 0x362
                    0x0362                  _CCP6RAH = 0x362
                    0x0364                  CCP6RB = 0x364
                    0x0364                  _CCP6RB = 0x364
                    0x0364                  CCP6RBL = 0x364
                    0x0364                  _CCP6RBL = 0x364
                    0x0366                  CCP6RBH = 0x366
                    0x0366                  _CCP6RBH = 0x366
                    0x0368                  CCP6BUFL = 0x368
                    0x0368                  _CCP6BUFL = 0x368
                    0x036a                  CCP6BUFH = 0x36a
                    0x036a                  _CCP6BUFH = 0x36a
                    0x036c                  CCP7CON1L = 0x36c
                    0x036c                  _CCP7CON1L = 0x36c
                    0x036c                  _CCP7CON1Lbits = 0x36c
                    0x036e                  CCP7CON1H = 0x36e
                    0x036e                  _CCP7CON1H = 0x36e
                    0x036e                  _CCP7CON1Hbits = 0x36e
                    0x0370                  CCP7CON2L = 0x370
                    0x0370                  _CCP7CON2L = 0x370
                    0x0370                  _CCP7CON2Lbits = 0x370
                    0x0372                  CCP7CON2H = 0x372
                    0x0372                  _CCP7CON2H = 0x372
                    0x0372                  _CCP7CON2Hbits = 0x372
                    0x0374                  CCP7CON3L = 0x374
                    0x0374                  _CCP7CON3L = 0x374
                    0x0374                  _CCP7CON3Lbits = 0x374
                    0x0376                  CCP7CON3H = 0x376
                    0x0376                  _CCP7CON3H = 0x376
                    0x0376                  _CCP7CON3Hbits = 0x376
                    0x0378                  CCP7STAT = 0x378
                    0x0378                  _CCP7STAT = 0x378
                    0x0378                  _CCP7STATbits = 0x378
                    0x0378                  CCP7STATL = 0x378
                    0x0378                  _CCP7STATL = 0x378
                    0x0378                  _CCP7STATLbits = 0x378
                    0x037a                  CCP7STATH = 0x37a
                    0x037a                  _CCP7STATH = 0x37a
                    0x037c                  CCP7TMRL = 0x37c
                    0x037c                  _CCP7TMRL = 0x37c
                    0x037e                  CCP7TMRH = 0x37e
                    0x037e                  _CCP7TMRH = 0x37e
                    0x0380                  CCP7PRL = 0x380
                    0x0380                  _CCP7PRL = 0x380
                    0x0382                  CCP7PRH = 0x382
                    0x0382                  _CCP7PRH = 0x382
                    0x0384                  CCP7RA = 0x384
                    0x0384                  _CCP7RA = 0x384
                    0x0384                  CCP7RAL = 0x384
                    0x0384                  _CCP7RAL = 0x384
                    0x0386                  CCP7RAH = 0x386
                    0x0386                  _CCP7RAH = 0x386
                    0x0388                  CCP7RB = 0x388
                    0x0388                  _CCP7RB = 0x388
                    0x0388                  CCP7RBL = 0x388
                    0x0388                  _CCP7RBL = 0x388
                    0x038a                  CCP7RBH = 0x38a
                    0x038a                  _CCP7RBH = 0x38a
                    0x038c                  CCP7BUFL = 0x38c
                    0x038c                  _CCP7BUFL = 0x38c
                    0x038e                  CCP7BUFH = 0x38e
                    0x038e                  _CCP7BUFH = 0x38e
                    0x0398                  U1MODE = 0x398
                    0x0398                  _U1MODE = 0x398
                    0x0398                  _U1MODEbits = 0x398
                    0x039a                  U1STA = 0x39a
                    0x039a                  _U1STA = 0x39a
                    0x039a                  _U1STAbits = 0x39a
                    0x039c                  U1TXREG = 0x39c
                    0x039c                  _U1TXREG = 0x39c
                    0x039e                  U1RXREG = 0x39e
                    0x039e                  _U1RXREG = 0x39e
                    0x03a0                  U1BRG = 0x3a0
                    0x03a0                  _U1BRG = 0x3a0
                    0x03ae                  U2MODE = 0x3ae
                    0x03ae                  _U2MODE = 0x3ae
                    0x03ae                  _U2MODEbits = 0x3ae
                    0x03b0                  U2STA = 0x3b0
                    0x03b0                  _U2STA = 0x3b0
                    0x03b0                  _U2STAbits = 0x3b0
                    0x03b2                  U2TXREG = 0x3b2
                    0x03b2                  _U2TXREG = 0x3b2
                    0x03b4                  U2RXREG = 0x3b4
                    0x03b4                  _U2RXREG = 0x3b4
                    0x03b6                  U2BRG = 0x3b6
                    0x03b6                  _U2BRG = 0x3b6
                    0x03c4                  U3MODE = 0x3c4
                    0x03c4                  _U3MODE = 0x3c4
                    0x03c4                  _U3MODEbits = 0x3c4
                    0x03c6                  U3STA = 0x3c6
                    0x03c6                  _U3STA = 0x3c6
                    0x03c6                  _U3STAbits = 0x3c6
                    0x03c8                  U3TXREG = 0x3c8
                    0x03c8                  _U3TXREG = 0x3c8
                    0x03ca                  U3RXREG = 0x3ca
                    0x03ca                  _U3RXREG = 0x3ca
                    0x03cc                  U3BRG = 0x3cc
                    0x03cc                  _U3BRG = 0x3cc
                    0x03d0                  U4MODE = 0x3d0
                    0x03d0                  _U4MODE = 0x3d0
                    0x03d0                  _U4MODEbits = 0x3d0
                    0x03d2                  U4STA = 0x3d2
                    0x03d2                  _U4STA = 0x3d2
                    0x03d2                  _U4STAbits = 0x3d2
                    0x03d4                  U4TXREG = 0x3d4
                    0x03d4                  _U4TXREG = 0x3d4
                    0x03d6                  U4RXREG = 0x3d6
                    0x03d6                  _U4RXREG = 0x3d6
                    0x03d8                  U4BRG = 0x3d8
                    0x03d8                  _U4BRG = 0x3d8
                    0x03dc                  U5MODE = 0x3dc
                    0x03dc                  _U5MODE = 0x3dc
                    0x03dc                  _U5MODEbits = 0x3dc
                    0x03de                  U5STA = 0x3de
                    0x03de                  _U5STA = 0x3de
                    0x03de                  _U5STAbits = 0x3de
                    0x03e0                  U5TXREG = 0x3e0
                    0x03e0                  _U5TXREG = 0x3e0
                    0x03e2                  U5RXREG = 0x3e2
                    0x03e2                  _U5RXREG = 0x3e2
                    0x03e4                  U5BRG = 0x3e4
                    0x03e4                  _U5BRG = 0x3e4
                    0x03e8                  U6MODE = 0x3e8
                    0x03e8                  _U6MODE = 0x3e8
                    0x03e8                  _U6MODEbits = 0x3e8
                    0x03ea                  U6STA = 0x3ea
                    0x03ea                  _U6STA = 0x3ea
                    0x03ea                  _U6STAbits = 0x3ea
                    0x03ec                  U6TXREG = 0x3ec
                    0x03ec                  _U6TXREG = 0x3ec
                    0x03ee                  U6RXREG = 0x3ee
                    0x03ee                  _U6RXREG = 0x3ee
                    0x03f0                  U6BRG = 0x3f0
                    0x03f0                  _U6BRG = 0x3f0
                    0x03f4                  SPI1CON1 = 0x3f4
                    0x03f4                  _SPI1CON1 = 0x3f4
                    0x03f4                  _SPI1CON1bits = 0x3f4
                    0x03f4                  SPI1CON1L = 0x3f4
                    0x03f4                  _SPI1CON1L = 0x3f4
                    0x03f4                  _SPI1CON1Lbits = 0x3f4
                    0x03f6                  SPI1CON1H = 0x3f6
                    0x03f6                  _SPI1CON1H = 0x3f6
                    0x03f6                  _SPI1CON1Hbits = 0x3f6
                    0x03f6                  SPI1CON2 = 0x3f6
                    0x03f6                  _SPI1CON2 = 0x3f6
                    0x03f6                  _SPI1CON2bits = 0x3f6
                    0x03f8                  SPI1CON2L = 0x3f8
                    0x03f8                  _SPI1CON2L = 0x3f8
                    0x03f8                  _SPI1CON2Lbits = 0x3f8
                    0x03f8                  SPI1CON3 = 0x3f8
                    0x03f8                  _SPI1CON3 = 0x3f8
                    0x03f8                  _SPI1CON3bits = 0x3f8
                    0x03fc                  SPI1STATL = 0x3fc
                    0x03fc                  _SPI1STATL = 0x3fc
                    0x03fc                  _SPI1STATLbits = 0x3fc
                    0x03fe                  SPI1STATH = 0x3fe
                    0x03fe                  _SPI1STATH = 0x3fe
                    0x03fe                  _SPI1STATHbits = 0x3fe
                    0x0400                  SPI1BUFL = 0x400
                    0x0400                  _SPI1BUFL = 0x400
                    0x0400                  _SPI1BUFLbits = 0x400
                    0x0402                  SPI1BUFH = 0x402
                    0x0402                  _SPI1BUFH = 0x402
                    0x0402                  _SPI1BUFHbits = 0x402
                    0x0404                  SPI1BRGL = 0x404
                    0x0404                  _SPI1BRGL = 0x404
                    0x0404                  _SPI1BRGLbits = 0x404
                    0x0408                  SPI1IMSK1 = 0x408
                    0x0408                  _SPI1IMSK1 = 0x408
                    0x0408                  _SPI1IMSK1bits = 0x408
                    0x0408                  SPI1IMSKL = 0x408
                    0x0408                  _SPI1IMSKL = 0x408
                    0x0408                  _SPI1IMSKLbits = 0x408
                    0x040a                  SPI1IMSK2 = 0x40a
                    0x040a                  _SPI1IMSK2 = 0x40a
                    0x040a                  _SPI1IMSK2bits = 0x40a
                    0x040a                  SPI1IMSKH = 0x40a
                    0x040a                  _SPI1IMSKH = 0x40a
                    0x040a                  _SPI1IMSKHbits = 0x40a
                    0x040c                  SPI1URDTL = 0x40c
                    0x040c                  _SPI1URDTL = 0x40c
                    0x040c                  _SPI1URDTLbits = 0x40c
                    0x040e                  SPI1URDTH = 0x40e
                    0x040e                  _SPI1URDTH = 0x40e
                    0x040e                  _SPI1URDTHbits = 0x40e
                    0x0410                  SPI2CON1 = 0x410
                    0x0410                  _SPI2CON1 = 0x410
                    0x0410                  _SPI2CON1bits = 0x410
                    0x0410                  SPI2CON1L = 0x410
                    0x0410                  _SPI2CON1L = 0x410
                    0x0410                  _SPI2CON1Lbits = 0x410
                    0x0412                  SPI2CON1H = 0x412
                    0x0412                  _SPI2CON1H = 0x412
                    0x0412                  _SPI2CON1Hbits = 0x412
                    0x0412                  SPI2CON2 = 0x412
                    0x0412                  _SPI2CON2 = 0x412
                    0x0412                  _SPI2CON2bits = 0x412
                    0x0414                  SPI2CON2L = 0x414
                    0x0414                  _SPI2CON2L = 0x414
                    0x0414                  _SPI2CON2Lbits = 0x414
                    0x0414                  SPI2CON3 = 0x414
                    0x0414                  _SPI2CON3 = 0x414
                    0x0414                  _SPI2CON3bits = 0x414
                    0x0418                  SPI2STATL = 0x418
                    0x0418                  _SPI2STATL = 0x418
                    0x0418                  _SPI2STATLbits = 0x418
                    0x041a                  SPI2STATH = 0x41a
                    0x041a                  _SPI2STATH = 0x41a
                    0x041a                  _SPI2STATHbits = 0x41a
                    0x041c                  SPI2BUFL = 0x41c
                    0x041c                  _SPI2BUFL = 0x41c
                    0x041c                  _SPI2BUFLbits = 0x41c
                    0x041e                  SPI2BUFH = 0x41e
                    0x041e                  _SPI2BUFH = 0x41e
                    0x041e                  _SPI2BUFHbits = 0x41e
                    0x0420                  SPI2BRGL = 0x420
                    0x0420                  _SPI2BRGL = 0x420
                    0x0420                  _SPI2BRGLbits = 0x420
                    0x0424                  SPI2IMSK1 = 0x424
                    0x0424                  _SPI2IMSK1 = 0x424
                    0x0424                  _SPI2IMSK1bits = 0x424
                    0x0424                  SPI2IMSKL = 0x424
                    0x0424                  _SPI2IMSKL = 0x424
                    0x0424                  _SPI2IMSKLbits = 0x424
                    0x0426                  SPI2IMSK2 = 0x426
                    0x0426                  _SPI2IMSK2 = 0x426
                    0x0426                  _SPI2IMSK2bits = 0x426
                    0x0426                  SPI2IMSKH = 0x426
                    0x0426                  _SPI2IMSKH = 0x426
                    0x0426                  _SPI2IMSKHbits = 0x426
                    0x0428                  SPI2URDTL = 0x428
                    0x0428                  _SPI2URDTL = 0x428
                    0x0428                  _SPI2URDTLbits = 0x428
                    0x042a                  SPI2URDTH = 0x42a
                    0x042a                  _SPI2URDTH = 0x42a
                    0x042a                  _SPI2URDTHbits = 0x42a
                    0x042c                  SPI3CON1 = 0x42c
                    0x042c                  _SPI3CON1 = 0x42c
                    0x042c                  _SPI3CON1bits = 0x42c
                    0x042c                  SPI3CON1L = 0x42c
                    0x042c                  _SPI3CON1L = 0x42c
                    0x042c                  _SPI3CON1Lbits = 0x42c
                    0x042e                  SPI3CON1H = 0x42e
                    0x042e                  _SPI3CON1H = 0x42e
                    0x042e                  _SPI3CON1Hbits = 0x42e
                    0x042e                  SPI3CON2 = 0x42e
                    0x042e                  _SPI3CON2 = 0x42e
                    0x042e                  _SPI3CON2bits = 0x42e
                    0x0430                  SPI3CON2L = 0x430
                    0x0430                  _SPI3CON2L = 0x430
                    0x0430                  _SPI3CON2Lbits = 0x430
                    0x0430                  SPI3CON3 = 0x430
                    0x0430                  _SPI3CON3 = 0x430
                    0x0430                  _SPI3CON3bits = 0x430
                    0x0434                  SPI3STATL = 0x434
                    0x0434                  _SPI3STATL = 0x434
                    0x0434                  _SPI3STATLbits = 0x434
                    0x0436                  SPI3STATH = 0x436
                    0x0436                  _SPI3STATH = 0x436
                    0x0436                  _SPI3STATHbits = 0x436
                    0x0438                  SPI3BUFL = 0x438
                    0x0438                  _SPI3BUFL = 0x438
                    0x0438                  _SPI3BUFLbits = 0x438
                    0x043a                  SPI3BUFH = 0x43a
                    0x043a                  _SPI3BUFH = 0x43a
                    0x043a                  _SPI3BUFHbits = 0x43a
                    0x043c                  SPI3BRGL = 0x43c
                    0x043c                  _SPI3BRGL = 0x43c
                    0x043c                  _SPI3BRGLbits = 0x43c
                    0x0440                  SPI3IMSK1 = 0x440
                    0x0440                  _SPI3IMSK1 = 0x440
                    0x0440                  _SPI3IMSK1bits = 0x440
                    0x0440                  SPI3IMSKL = 0x440
                    0x0440                  _SPI3IMSKL = 0x440
                    0x0440                  _SPI3IMSKLbits = 0x440
                    0x0442                  SPI3IMSK2 = 0x442
                    0x0442                  _SPI3IMSK2 = 0x442
                    0x0442                  _SPI3IMSK2bits = 0x442
                    0x0442                  SPI3IMSKH = 0x442
                    0x0442                  _SPI3IMSKH = 0x442
                    0x0442                  _SPI3IMSKHbits = 0x442
                    0x0444                  SPI3URDTL = 0x444
                    0x0444                  _SPI3URDTL = 0x444
                    0x0444                  _SPI3URDTLbits = 0x444
                    0x0446                  SPI3URDTH = 0x446
                    0x0446                  _SPI3URDTH = 0x446
                    0x0446                  _SPI3URDTHbits = 0x446
                    0x0448                  SPI4CON1 = 0x448
                    0x0448                  _SPI4CON1 = 0x448
                    0x0448                  _SPI4CON1bits = 0x448
                    0x0448                  SPI4CON1L = 0x448
                    0x0448                  _SPI4CON1L = 0x448
                    0x0448                  _SPI4CON1Lbits = 0x448
                    0x044a                  SPI4CON1H = 0x44a
                    0x044a                  _SPI4CON1H = 0x44a
                    0x044a                  _SPI4CON1Hbits = 0x44a
                    0x044a                  SPI4CON2 = 0x44a
                    0x044a                  _SPI4CON2 = 0x44a
                    0x044a                  _SPI4CON2bits = 0x44a
                    0x044c                  SPI4CON2L = 0x44c
                    0x044c                  _SPI4CON2L = 0x44c
                    0x044c                  _SPI4CON2Lbits = 0x44c
                    0x044c                  SPI4CON3 = 0x44c
                    0x044c                  _SPI4CON3 = 0x44c
                    0x044c                  _SPI4CON3bits = 0x44c
                    0x0450                  SPI4STATL = 0x450
                    0x0450                  _SPI4STATL = 0x450
                    0x0450                  _SPI4STATLbits = 0x450
                    0x0452                  SPI4STATH = 0x452
                    0x0452                  _SPI4STATH = 0x452
                    0x0452                  _SPI4STATHbits = 0x452
                    0x0454                  SPI4BUFL = 0x454
                    0x0454                  _SPI4BUFL = 0x454
                    0x0454                  _SPI4BUFLbits = 0x454
                    0x0456                  SPI4BUFH = 0x456
                    0x0456                  _SPI4BUFH = 0x456
                    0x0456                  _SPI4BUFHbits = 0x456
                    0x0458                  SPI4BRGL = 0x458
                    0x0458                  _SPI4BRGL = 0x458
                    0x0458                  _SPI4BRGLbits = 0x458
                    0x045c                  SPI4IMSK1 = 0x45c
                    0x045c                  _SPI4IMSK1 = 0x45c
                    0x045c                  _SPI4IMSK1bits = 0x45c
                    0x045c                  SPI4IMSKL = 0x45c
                    0x045c                  _SPI4IMSKL = 0x45c
                    0x045c                  _SPI4IMSKLbits = 0x45c
                    0x045e                  SPI4IMSK2 = 0x45e
                    0x045e                  _SPI4IMSK2 = 0x45e
                    0x045e                  _SPI4IMSK2bits = 0x45e
                    0x045e                  SPI4IMSKH = 0x45e
                    0x045e                  _SPI4IMSKH = 0x45e
                    0x045e                  _SPI4IMSKHbits = 0x45e
                    0x0460                  SPI4URDTL = 0x460
                    0x0460                  _SPI4URDTL = 0x460
                    0x0460                  _SPI4URDTLbits = 0x460
                    0x0462                  SPI4URDTH = 0x462
                    0x0462                  _SPI4URDTH = 0x462
                    0x0462                  _SPI4URDTHbits = 0x462
                    0x0464                  CLC1CONL = 0x464
                    0x0464                  _CLC1CONL = 0x464
                    0x0464                  _CLC1CONLbits = 0x464
                    0x0466                  CLC1CONH = 0x466
                    0x0466                  _CLC1CONH = 0x466
                    0x0466                  _CLC1CONHbits = 0x466
                    0x0468                  CLC1SEL = 0x468
                    0x0468                  _CLC1SEL = 0x468
                    0x0468                  _CLC1SELbits = 0x468
                    0x0468                  CLC1SELL = 0x468
                    0x0468                  _CLC1SELL = 0x468
                    0x0468                  _CLC1SELLbits = 0x468
                    0x046c                  CLC1GLSL = 0x46c
                    0x046c                  _CLC1GLSL = 0x46c
                    0x046c                  _CLC1GLSLbits = 0x46c
                    0x046e                  CLC1GLSH = 0x46e
                    0x046e                  _CLC1GLSH = 0x46e
                    0x046e                  _CLC1GLSHbits = 0x46e
                    0x0470                  CLC2CONL = 0x470
                    0x0470                  _CLC2CONL = 0x470
                    0x0470                  _CLC2CONLbits = 0x470
                    0x0472                  CLC2CONH = 0x472
                    0x0472                  _CLC2CONH = 0x472
                    0x0472                  _CLC2CONHbits = 0x472
                    0x0474                  CLC2SEL = 0x474
                    0x0474                  _CLC2SEL = 0x474
                    0x0474                  _CLC2SELbits = 0x474
                    0x0474                  CLC2SELL = 0x474
                    0x0474                  _CLC2SELL = 0x474
                    0x0474                  _CLC2SELLbits = 0x474
                    0x0478                  CLC2GLSL = 0x478
                    0x0478                  _CLC2GLSL = 0x478
                    0x0478                  _CLC2GLSLbits = 0x478
                    0x047a                  CLC2GLSH = 0x47a
                    0x047a                  _CLC2GLSH = 0x47a
                    0x047a                  _CLC2GLSHbits = 0x47a
                    0x047c                  CLC3CONL = 0x47c
                    0x047c                  _CLC3CONL = 0x47c
                    0x047c                  _CLC3CONLbits = 0x47c
                    0x047e                  CLC3CONH = 0x47e
                    0x047e                  _CLC3CONH = 0x47e
                    0x047e                  _CLC3CONHbits = 0x47e
                    0x0480                  CLC3SEL = 0x480
                    0x0480                  _CLC3SEL = 0x480
                    0x0480                  _CLC3SELbits = 0x480
                    0x0480                  CLC3SELL = 0x480
                    0x0480                  _CLC3SELL = 0x480
                    0x0480                  _CLC3SELLbits = 0x480
                    0x0484                  CLC3GLSL = 0x484
                    0x0484                  _CLC3GLSL = 0x484
                    0x0484                  _CLC3GLSLbits = 0x484
                    0x0486                  CLC3GLSH = 0x486
                    0x0486                  _CLC3GLSH = 0x486
                    0x0486                  _CLC3GLSHbits = 0x486
                    0x0488                  CLC4CONL = 0x488
                    0x0488                  _CLC4CONL = 0x488
                    0x0488                  _CLC4CONLbits = 0x488
                    0x048a                  CLC4CONH = 0x48a
                    0x048a                  _CLC4CONH = 0x48a
                    0x048a                  _CLC4CONHbits = 0x48a
                    0x048c                  CLC4SEL = 0x48c
                    0x048c                  _CLC4SEL = 0x48c
                    0x048c                  _CLC4SELbits = 0x48c
                    0x048c                  CLC4SELL = 0x48c
                    0x048c                  _CLC4SELL = 0x48c
                    0x048c                  _CLC4SELLbits = 0x48c
                    0x0490                  CLC4GLSL = 0x490
                    0x0490                  _CLC4GLSL = 0x490
                    0x0490                  _CLC4GLSLbits = 0x490
                    0x0492                  CLC4GLSH = 0x492
                    0x0492                  _CLC4GLSH = 0x492
                    0x0492                  _CLC4GLSHbits = 0x492
                    0x0494                  I2C1RCV = 0x494
                    0x0494                  _I2C1RCV = 0x494
                    0x0494                  _I2C1RCVbits = 0x494
                    0x0496                  I2C1TRN = 0x496
                    0x0496                  _I2C1TRN = 0x496
                    0x0496                  _I2C1TRNbits = 0x496
                    0x0498                  I2C1BRG = 0x498
                    0x0498                  _I2C1BRG = 0x498
                    0x049a                  I2C1CON1 = 0x49a
                    0x049a                  _I2C1CON1 = 0x49a
                    0x049a                  _I2C1CON1bits = 0x49a
                    0x049a                  I2C1CONL = 0x49a
                    0x049a                  _I2C1CONL = 0x49a
                    0x049a                  _I2C1CONLbits = 0x49a
                    0x049c                  I2C1CON2 = 0x49c
                    0x049c                  _I2C1CON2 = 0x49c
                    0x049c                  _I2C1CON2bits = 0x49c
                    0x049c                  I2C1CONH = 0x49c
                    0x049c                  _I2C1CONH = 0x49c
                    0x049c                  _I2C1CONHbits = 0x49c
                    0x049e                  I2C1STAT = 0x49e
                    0x049e                  _I2C1STAT = 0x49e